// Jest Snapshot v1, https://goo.gl/fbAQLP

exports[`Calculator renders the component 1`] = `
<DocumentFragment>
  <div
    class="calculator box"
    data-testid="calculator"
  >
    <form>
      <div
        class="field"
      >
        <label
          class="label is-medium"
          for="currency"
        >
          Currency
        </label>
        <div
          class="control"
        >
          <select
            class="select is-medium "
            data-testid="currency-select"
            id="currency"
            name="currency"
          >
            <option
              value=""
            >
              Select currency
            </option>
            <option
              value="gbp"
            >
              GBP
            </option>
            <option
              value="usd"
            >
              USD
            </option>
            <option
              value="eur"
            >
              EUR
            </option>
          </select>
        </div>
      </div>
      <div
        class="field"
      >
        <label
          class="label is-medium"
          for="price"
        >
          Product price
        </label>
        <div
          class="control"
        >
          <input
            class="input is-medium "
            data-testid="price-input"
            id="price"
            name="price"
            placeholder="0.00"
            type="text"
            value=""
          />
        </div>
      </div>
      <div
        class="field"
      >
        <label
          class="label is-medium"
          for="tendered"
        >
          Tendered amount
        </label>
        <div
          class="control"
        >
          <input
            class="input is-medium "
            data-testid="tendered-input"
            id="tendered"
            name="tendered"
            placeholder="0.00"
            type="text"
            value=""
          />
        </div>
      </div>
      <div
        class="field"
      >
        <label
          class="checkbox"
          for="json"
        >
          <input
            name="json"
            type="checkbox"
          />
          Output results as JSON
        </label>
      </div>
      <div
        class="field"
      >
        <div
          class="control"
        >
          <button
            class="button is-link is-medium"
            data-testid="submit-button"
            type="submit"
          >
            Calculate
          </button>
        </div>
      </div>
    </form>
  </div>
</DocumentFragment>
`;
